/Users/simo/inso-po-RD/cstr-model-optimisation/research_project/.venv/lib/python3.10/site-packages/sbi/inference/trainers/npe/npe_base.py:196: UserWarning: Data has extreme outliers in dimension(s) [0, 1, 2, 4, 5, 7, 8, 10, 11, 31, 49, 50, 51, 52, 53, 61] (beyond 10.0x IQR from quartiles). This may cause precision loss during z-scoring, where distinct values become indistinguishable. Consider removing outliers from your data or setting `z_score_x='none'` (though this may affect training).
  warn_if_invalid_for_zscoring(x)
/Users/simo/inso-po-RD/cstr-model-optimisation/research_project/.venv/lib/python3.10/site-packages/nflows/transforms/lu.py:80: UserWarning: torch.triangular_solve is deprecated in favor of torch.linalg.solve_triangularand will be removed in a future PyTorch release.
torch.linalg.solve_triangular has its arguments reversed and does not return a copy of one of the inputs.
X = torch.triangular_solve(B, A).solution
should be replaced with
X = torch.linalg.solve_triangular(A, B). (Triggered internally at /Users/runner/work/pytorch/pytorch/aten/src/ATen/native/BatchLinearAlgebra.cpp:2279.)
  outputs, _ = torch.triangular_solve(
/Users/simo/inso-po-RD/cstr-model-optimisation/research_project/scripts/sbi_pipeline.py:177: UserWarning: 37.5% of samples drawn with reject_outside_prior=False lie outside the prior support. This may lead to incorrect inference.
  samp = posterior.sample(
/Users/simo/inso-po-RD/cstr-model-optimisation/research_project/scripts/sbi_pipeline.py:177: UserWarning: 5.0% of samples drawn with reject_outside_prior=False lie outside the prior support. This may lead to incorrect inference.
  samp = posterior.sample(
/Users/simo/inso-po-RD/cstr-model-optimisation/research_project/scripts/sbi_pipeline.py:177: UserWarning: 5.0% of samples drawn with reject_outside_prior=False lie outside the prior support. This may lead to incorrect inference.
  samp = posterior.sample(
/Users/simo/inso-po-RD/cstr-model-optimisation/research_project/scripts/sbi_pipeline.py:177: UserWarning: 41.0% of samples drawn with reject_outside_prior=False lie outside the prior support. This may lead to incorrect inference.
  samp = posterior.sample(
/Users/simo/inso-po-RD/cstr-model-optimisation/research_project/scripts/sbi_pipeline.py:177: UserWarning: 66.5% of samples drawn with reject_outside_prior=False lie outside the prior support. This may lead to incorrect inference.
  samp = posterior.sample(
/Users/simo/inso-po-RD/cstr-model-optimisation/research_project/scripts/sbi_pipeline.py:177: UserWarning: 6.0% of samples drawn with reject_outside_prior=False lie outside the prior support. This may lead to incorrect inference.
  samp = posterior.sample(
/Users/simo/inso-po-RD/cstr-model-optimisation/research_project/scripts/sbi_pipeline.py:177: UserWarning: 15.0% of samples drawn with reject_outside_prior=False lie outside the prior support. This may lead to incorrect inference.
  samp = posterior.sample(
/Users/simo/inso-po-RD/cstr-model-optimisation/research_project/scripts/sbi_pipeline.py:177: UserWarning: 27.0% of samples drawn with reject_outside_prior=False lie outside the prior support. This may lead to incorrect inference.
  samp = posterior.sample(
/Users/simo/inso-po-RD/cstr-model-optimisation/research_project/scripts/sbi_pipeline.py:177: UserWarning: 6.5% of samples drawn with reject_outside_prior=False lie outside the prior support. This may lead to incorrect inference.
  samp = posterior.sample(
/Users/simo/inso-po-RD/cstr-model-optimisation/research_project/scripts/sbi_pipeline.py:177: UserWarning: 37.0% of samples drawn with reject_outside_prior=False lie outside the prior support. This may lead to incorrect inference.
  samp = posterior.sample(
/Users/simo/inso-po-RD/cstr-model-optimisation/research_project/scripts/sbi_pipeline.py:177: UserWarning: 6.5% of samples drawn with reject_outside_prior=False lie outside the prior support. This may lead to incorrect inference.
  samp = posterior.sample(
/Users/simo/inso-po-RD/cstr-model-optimisation/research_project/scripts/sbi_pipeline.py:177: UserWarning: 9.0% of samples drawn with reject_outside_prior=False lie outside the prior support. This may lead to incorrect inference.
  samp = posterior.sample(
/Users/simo/inso-po-RD/cstr-model-optimisation/research_project/scripts/sbi_pipeline.py:177: UserWarning: 40.0% of samples drawn with reject_outside_prior=False lie outside the prior support. This may lead to incorrect inference.
  samp = posterior.sample(
/Users/simo/inso-po-RD/cstr-model-optimisation/research_project/scripts/sbi_pipeline.py:177: UserWarning: 5.5% of samples drawn with reject_outside_prior=False lie outside the prior support. This may lead to incorrect inference.
  samp = posterior.sample(
/Users/simo/inso-po-RD/cstr-model-optimisation/research_project/scripts/sbi_pipeline.py:177: UserWarning: 21.5% of samples drawn with reject_outside_prior=False lie outside the prior support. This may lead to incorrect inference.
  samp = posterior.sample(
/Users/simo/inso-po-RD/cstr-model-optimisation/research_project/scripts/sbi_pipeline.py:177: UserWarning: 7.0% of samples drawn with reject_outside_prior=False lie outside the prior support. This may lead to incorrect inference.
  samp = posterior.sample(
/Users/simo/inso-po-RD/cstr-model-optimisation/research_project/scripts/sbi_pipeline.py:177: UserWarning: 34.5% of samples drawn with reject_outside_prior=False lie outside the prior support. This may lead to incorrect inference.
  samp = posterior.sample(
/Users/simo/inso-po-RD/cstr-model-optimisation/research_project/scripts/sbi_pipeline.py:177: UserWarning: 6.5% of samples drawn with reject_outside_prior=False lie outside the prior support. This may lead to incorrect inference.
  samp = posterior.sample(
/Users/simo/inso-po-RD/cstr-model-optimisation/research_project/scripts/sbi_pipeline.py:177: UserWarning: 39.0% of samples drawn with reject_outside_prior=False lie outside the prior support. This may lead to incorrect inference.
  samp = posterior.sample(
/Users/simo/inso-po-RD/cstr-model-optimisation/research_project/scripts/sbi_pipeline.py:177: UserWarning: 12.0% of samples drawn with reject_outside_prior=False lie outside the prior support. This may lead to incorrect inference.
  samp = posterior.sample(
/Users/simo/inso-po-RD/cstr-model-optimisation/research_project/scripts/sbi_pipeline.py:177: UserWarning: 13.0% of samples drawn with reject_outside_prior=False lie outside the prior support. This may lead to incorrect inference.
  samp = posterior.sample(
/Users/simo/inso-po-RD/cstr-model-optimisation/research_project/scripts/sbi_pipeline.py:177: UserWarning: 27.5% of samples drawn with reject_outside_prior=False lie outside the prior support. This may lead to incorrect inference.
  samp = posterior.sample(
/Users/simo/inso-po-RD/cstr-model-optimisation/research_project/scripts/sbi_pipeline.py:177: UserWarning: 5.0% of samples drawn with reject_outside_prior=False lie outside the prior support. This may lead to incorrect inference.
  samp = posterior.sample(
/Users/simo/inso-po-RD/cstr-model-optimisation/research_project/scripts/sbi_pipeline.py:177: UserWarning: 24.0% of samples drawn with reject_outside_prior=False lie outside the prior support. This may lead to incorrect inference.
  samp = posterior.sample(
/Users/simo/inso-po-RD/cstr-model-optimisation/research_project/scripts/sbi_pipeline.py:177: UserWarning: 7.5% of samples drawn with reject_outside_prior=False lie outside the prior support. This may lead to incorrect inference.
  samp = posterior.sample(
/Users/simo/inso-po-RD/cstr-model-optimisation/research_project/scripts/sbi_pipeline.py:177: UserWarning: 7.5% of samples drawn with reject_outside_prior=False lie outside the prior support. This may lead to incorrect inference.
  samp = posterior.sample(
/Users/simo/inso-po-RD/cstr-model-optimisation/research_project/scripts/sbi_pipeline.py:177: UserWarning: 9.0% of samples drawn with reject_outside_prior=False lie outside the prior support. This may lead to incorrect inference.
  samp = posterior.sample(
/Users/simo/inso-po-RD/cstr-model-optimisation/research_project/scripts/sbi_pipeline.py:177: UserWarning: 22.5% of samples drawn with reject_outside_prior=False lie outside the prior support. This may lead to incorrect inference.
  samp = posterior.sample(
/Users/simo/inso-po-RD/cstr-model-optimisation/research_project/scripts/sbi_pipeline.py:177: UserWarning: 14.5% of samples drawn with reject_outside_prior=False lie outside the prior support. This may lead to incorrect inference.
  samp = posterior.sample(
/Users/simo/inso-po-RD/cstr-model-optimisation/research_project/scripts/sbi_pipeline.py:177: UserWarning: 12.5% of samples drawn with reject_outside_prior=False lie outside the prior support. This may lead to incorrect inference.
  samp = posterior.sample(
/Users/simo/inso-po-RD/cstr-model-optimisation/research_project/scripts/sbi_pipeline.py:177: UserWarning: 22.5% of samples drawn with reject_outside_prior=False lie outside the prior support. This may lead to incorrect inference.
  samp = posterior.sample(
/Users/simo/inso-po-RD/cstr-model-optimisation/research_project/scripts/sbi_pipeline.py:177: UserWarning: 14.5% of samples drawn with reject_outside_prior=False lie outside the prior support. This may lead to incorrect inference.
  samp = posterior.sample(
/Users/simo/inso-po-RD/cstr-model-optimisation/research_project/scripts/sbi_pipeline.py:177: UserWarning: 19.0% of samples drawn with reject_outside_prior=False lie outside the prior support. This may lead to incorrect inference.
  samp = posterior.sample(
/Users/simo/inso-po-RD/cstr-model-optimisation/research_project/scripts/sbi_pipeline.py:177: UserWarning: 19.5% of samples drawn with reject_outside_prior=False lie outside the prior support. This may lead to incorrect inference.
  samp = posterior.sample(
/Users/simo/inso-po-RD/cstr-model-optimisation/research_project/scripts/sbi_pipeline.py:177: UserWarning: 6.5% of samples drawn with reject_outside_prior=False lie outside the prior support. This may lead to incorrect inference.
  samp = posterior.sample(
/Users/simo/inso-po-RD/cstr-model-optimisation/research_project/scripts/sbi_pipeline.py:177: UserWarning: 42.5% of samples drawn with reject_outside_prior=False lie outside the prior support. This may lead to incorrect inference.
  samp = posterior.sample(
/Users/simo/inso-po-RD/cstr-model-optimisation/research_project/scripts/sbi_pipeline.py:177: UserWarning: 29.0% of samples drawn with reject_outside_prior=False lie outside the prior support. This may lead to incorrect inference.
  samp = posterior.sample(
/Users/simo/inso-po-RD/cstr-model-optimisation/research_project/scripts/sbi_pipeline.py:177: UserWarning: 7.5% of samples drawn with reject_outside_prior=False lie outside the prior support. This may lead to incorrect inference.
  samp = posterior.sample(
/Users/simo/inso-po-RD/cstr-model-optimisation/research_project/scripts/sbi_pipeline.py:177: UserWarning: 5.5% of samples drawn with reject_outside_prior=False lie outside the prior support. This may lead to incorrect inference.
  samp = posterior.sample(
/Users/simo/inso-po-RD/cstr-model-optimisation/research_project/scripts/sbi_pipeline.py:177: UserWarning: 5.0% of samples drawn with reject_outside_prior=False lie outside the prior support. This may lead to incorrect inference.
  samp = posterior.sample(
/Users/simo/inso-po-RD/cstr-model-optimisation/research_project/scripts/sbi_pipeline.py:177: UserWarning: 6.0% of samples drawn with reject_outside_prior=False lie outside the prior support. This may lead to incorrect inference.
  samp = posterior.sample(
/Users/simo/inso-po-RD/cstr-model-optimisation/research_project/scripts/sbi_pipeline.py:177: UserWarning: 25.0% of samples drawn with reject_outside_prior=False lie outside the prior support. This may lead to incorrect inference.
  samp = posterior.sample(
/Users/simo/inso-po-RD/cstr-model-optimisation/research_project/scripts/sbi_pipeline.py:177: UserWarning: 40.0% of samples drawn with reject_outside_prior=False lie outside the prior support. This may lead to incorrect inference.
  samp = posterior.sample(
/Users/simo/inso-po-RD/cstr-model-optimisation/research_project/scripts/sbi_pipeline.py:177: UserWarning: 7.0% of samples drawn with reject_outside_prior=False lie outside the prior support. This may lead to incorrect inference.
  samp = posterior.sample(
/Users/simo/inso-po-RD/cstr-model-optimisation/research_project/scripts/sbi_pipeline.py:177: UserWarning: 32.0% of samples drawn with reject_outside_prior=False lie outside the prior support. This may lead to incorrect inference.
  samp = posterior.sample(
/Users/simo/inso-po-RD/cstr-model-optimisation/research_project/scripts/sbi_pipeline.py:177: UserWarning: 7.0% of samples drawn with reject_outside_prior=False lie outside the prior support. This may lead to incorrect inference.
  samp = posterior.sample(
/Users/simo/inso-po-RD/cstr-model-optimisation/research_project/scripts/sbi_pipeline.py:177: UserWarning: 40.0% of samples drawn with reject_outside_prior=False lie outside the prior support. This may lead to incorrect inference.
  samp = posterior.sample(
/Users/simo/inso-po-RD/cstr-model-optimisation/research_project/scripts/sbi_pipeline.py:177: UserWarning: 6.0% of samples drawn with reject_outside_prior=False lie outside the prior support. This may lead to incorrect inference.
  samp = posterior.sample(
/Users/simo/inso-po-RD/cstr-model-optimisation/research_project/scripts/sbi_pipeline.py:177: UserWarning: 12.0% of samples drawn with reject_outside_prior=False lie outside the prior support. This may lead to incorrect inference.
  samp = posterior.sample(
/Users/simo/inso-po-RD/cstr-model-optimisation/research_project/scripts/sbi_pipeline.py:177: UserWarning: 5.0% of samples drawn with reject_outside_prior=False lie outside the prior support. This may lead to incorrect inference.
  samp = posterior.sample(
/Users/simo/inso-po-RD/cstr-model-optimisation/research_project/scripts/sbi_pipeline.py:177: UserWarning: 14.5% of samples drawn with reject_outside_prior=False lie outside the prior support. This may lead to incorrect inference.
  samp = posterior.sample(
/Users/simo/inso-po-RD/cstr-model-optimisation/research_project/scripts/sbi_pipeline.py:177: UserWarning: 11.5% of samples drawn with reject_outside_prior=False lie outside the prior support. This may lead to incorrect inference.
  samp = posterior.sample(
/Users/simo/inso-po-RD/cstr-model-optimisation/research_project/scripts/sbi_pipeline.py:177: UserWarning: 13.0% of samples drawn with reject_outside_prior=False lie outside the prior support. This may lead to incorrect inference.
  samp = posterior.sample(
/Users/simo/inso-po-RD/cstr-model-optimisation/research_project/scripts/sbi_pipeline.py:177: UserWarning: 38.0% of samples drawn with reject_outside_prior=False lie outside the prior support. This may lead to incorrect inference.
  samp = posterior.sample(
/Users/simo/inso-po-RD/cstr-model-optimisation/research_project/scripts/sbi_pipeline.py:177: UserWarning: 9.5% of samples drawn with reject_outside_prior=False lie outside the prior support. This may lead to incorrect inference.
  samp = posterior.sample(
/Users/simo/inso-po-RD/cstr-model-optimisation/research_project/scripts/sbi_pipeline.py:177: UserWarning: 20.0% of samples drawn with reject_outside_prior=False lie outside the prior support. This may lead to incorrect inference.
  samp = posterior.sample(
/Users/simo/inso-po-RD/cstr-model-optimisation/research_project/scripts/sbi_pipeline.py:177: UserWarning: 36.5% of samples drawn with reject_outside_prior=False lie outside the prior support. This may lead to incorrect inference.
  samp = posterior.sample(
/Users/simo/inso-po-RD/cstr-model-optimisation/research_project/scripts/sbi_pipeline.py:177: UserWarning: 17.5% of samples drawn with reject_outside_prior=False lie outside the prior support. This may lead to incorrect inference.
  samp = posterior.sample(
/Users/simo/inso-po-RD/cstr-model-optimisation/research_project/scripts/sbi_pipeline.py:177: UserWarning: 20.0% of samples drawn with reject_outside_prior=False lie outside the prior support. This may lead to incorrect inference.
  samp = posterior.sample(
/Users/simo/inso-po-RD/cstr-model-optimisation/research_project/scripts/sbi_pipeline.py:177: UserWarning: 23.5% of samples drawn with reject_outside_prior=False lie outside the prior support. This may lead to incorrect inference.
  samp = posterior.sample(
/Users/simo/inso-po-RD/cstr-model-optimisation/research_project/scripts/sbi_pipeline.py:177: UserWarning: 9.5% of samples drawn with reject_outside_prior=False lie outside the prior support. This may lead to incorrect inference.
  samp = posterior.sample(
/Users/simo/inso-po-RD/cstr-model-optimisation/research_project/scripts/sbi_pipeline.py:177: UserWarning: 24.5% of samples drawn with reject_outside_prior=False lie outside the prior support. This may lead to incorrect inference.
  samp = posterior.sample(
/Users/simo/inso-po-RD/cstr-model-optimisation/research_project/scripts/sbi_pipeline.py:177: UserWarning: 18.5% of samples drawn with reject_outside_prior=False lie outside the prior support. This may lead to incorrect inference.
  samp = posterior.sample(
/Users/simo/inso-po-RD/cstr-model-optimisation/research_project/scripts/sbi_pipeline.py:177: UserWarning: 5.0% of samples drawn with reject_outside_prior=False lie outside the prior support. This may lead to incorrect inference.
  samp = posterior.sample(
/Users/simo/inso-po-RD/cstr-model-optimisation/research_project/scripts/sbi_pipeline.py:177: UserWarning: 19.0% of samples drawn with reject_outside_prior=False lie outside the prior support. This may lead to incorrect inference.
  samp = posterior.sample(
/Users/simo/inso-po-RD/cstr-model-optimisation/research_project/scripts/sbi_pipeline.py:177: UserWarning: 39.5% of samples drawn with reject_outside_prior=False lie outside the prior support. This may lead to incorrect inference.
  samp = posterior.sample(
/Users/simo/inso-po-RD/cstr-model-optimisation/research_project/scripts/sbi_pipeline.py:177: UserWarning: 25.5% of samples drawn with reject_outside_prior=False lie outside the prior support. This may lead to incorrect inference.
  samp = posterior.sample(
/Users/simo/inso-po-RD/cstr-model-optimisation/research_project/scripts/sbi_pipeline.py:177: UserWarning: 15.5% of samples drawn with reject_outside_prior=False lie outside the prior support. This may lead to incorrect inference.
  samp = posterior.sample(
/Users/simo/inso-po-RD/cstr-model-optimisation/research_project/scripts/sbi_pipeline.py:177: UserWarning: 5.5% of samples drawn with reject_outside_prior=False lie outside the prior support. This may lead to incorrect inference.
  samp = posterior.sample(
/Users/simo/inso-po-RD/cstr-model-optimisation/research_project/scripts/sbi_pipeline.py:177: UserWarning: 20.0% of samples drawn with reject_outside_prior=False lie outside the prior support. This may lead to incorrect inference.
  samp = posterior.sample(
/Users/simo/inso-po-RD/cstr-model-optimisation/research_project/scripts/sbi_pipeline.py:177: UserWarning: 14.5% of samples drawn with reject_outside_prior=False lie outside the prior support. This may lead to incorrect inference.
  samp = posterior.sample(
/Users/simo/inso-po-RD/cstr-model-optimisation/research_project/scripts/sbi_pipeline.py:177: UserWarning: 10.0% of samples drawn with reject_outside_prior=False lie outside the prior support. This may lead to incorrect inference.
  samp = posterior.sample(
/Users/simo/inso-po-RD/cstr-model-optimisation/research_project/scripts/sbi_pipeline.py:177: UserWarning: 15.5% of samples drawn with reject_outside_prior=False lie outside the prior support. This may lead to incorrect inference.
  samp = posterior.sample(
/Users/simo/inso-po-RD/cstr-model-optimisation/research_project/scripts/sbi_pipeline.py:177: UserWarning: 51.0% of samples drawn with reject_outside_prior=False lie outside the prior support. This may lead to incorrect inference.
  samp = posterior.sample(
/Users/simo/inso-po-RD/cstr-model-optimisation/research_project/scripts/sbi_pipeline.py:177: UserWarning: 11.5% of samples drawn with reject_outside_prior=False lie outside the prior support. This may lead to incorrect inference.
  samp = posterior.sample(
/Users/simo/inso-po-RD/cstr-model-optimisation/research_project/scripts/sbi_pipeline.py:177: UserWarning: 10.0% of samples drawn with reject_outside_prior=False lie outside the prior support. This may lead to incorrect inference.
  samp = posterior.sample(
/Users/simo/inso-po-RD/cstr-model-optimisation/research_project/scripts/sbi_pipeline.py:177: UserWarning: 15.0% of samples drawn with reject_outside_prior=False lie outside the prior support. This may lead to incorrect inference.
  samp = posterior.sample(
/Users/simo/inso-po-RD/cstr-model-optimisation/research_project/scripts/sbi_pipeline.py:177: UserWarning: 6.5% of samples drawn with reject_outside_prior=False lie outside the prior support. This may lead to incorrect inference.
  samp = posterior.sample(
/Users/simo/inso-po-RD/cstr-model-optimisation/research_project/scripts/sbi_pipeline.py:177: UserWarning: 12.5% of samples drawn with reject_outside_prior=False lie outside the prior support. This may lead to incorrect inference.
  samp = posterior.sample(
/Users/simo/inso-po-RD/cstr-model-optimisation/research_project/scripts/sbi_pipeline.py:177: UserWarning: 50.5% of samples drawn with reject_outside_prior=False lie outside the prior support. This may lead to incorrect inference.
  samp = posterior.sample(
/Users/simo/inso-po-RD/cstr-model-optimisation/research_project/scripts/sbi_pipeline.py:177: UserWarning: 13.0% of samples drawn with reject_outside_prior=False lie outside the prior support. This may lead to incorrect inference.
  samp = posterior.sample(
/Users/simo/inso-po-RD/cstr-model-optimisation/research_project/scripts/sbi_pipeline.py:177: UserWarning: 8.0% of samples drawn with reject_outside_prior=False lie outside the prior support. This may lead to incorrect inference.
  samp = posterior.sample(
/Users/simo/inso-po-RD/cstr-model-optimisation/research_project/scripts/sbi_pipeline.py:177: UserWarning: 5.0% of samples drawn with reject_outside_prior=False lie outside the prior support. This may lead to incorrect inference.
  samp = posterior.sample(
/Users/simo/inso-po-RD/cstr-model-optimisation/research_project/scripts/sbi_pipeline.py:177: UserWarning: 53.0% of samples drawn with reject_outside_prior=False lie outside the prior support. This may lead to incorrect inference.
  samp = posterior.sample(
/Users/simo/inso-po-RD/cstr-model-optimisation/research_project/scripts/sbi_pipeline.py:177: UserWarning: 28.0% of samples drawn with reject_outside_prior=False lie outside the prior support. This may lead to incorrect inference.
  samp = posterior.sample(
/Users/simo/inso-po-RD/cstr-model-optimisation/research_project/scripts/sbi_pipeline.py:177: UserWarning: 5.0% of samples drawn with reject_outside_prior=False lie outside the prior support. This may lead to incorrect inference.
  samp = posterior.sample(
/Users/simo/inso-po-RD/cstr-model-optimisation/research_project/scripts/sbi_pipeline.py:177: UserWarning: 9.0% of samples drawn with reject_outside_prior=False lie outside the prior support. This may lead to incorrect inference.
  samp = posterior.sample(
/Users/simo/inso-po-RD/cstr-model-optimisation/research_project/scripts/sbi_pipeline.py:177: UserWarning: 7.0% of samples drawn with reject_outside_prior=False lie outside the prior support. This may lead to incorrect inference.
  samp = posterior.sample(
/Users/simo/inso-po-RD/cstr-model-optimisation/research_project/scripts/sbi_pipeline.py:177: UserWarning: 15.5% of samples drawn with reject_outside_prior=False lie outside the prior support. This may lead to incorrect inference.
  samp = posterior.sample(
/Users/simo/inso-po-RD/cstr-model-optimisation/research_project/scripts/sbi_pipeline.py:177: UserWarning: 26.5% of samples drawn with reject_outside_prior=False lie outside the prior support. This may lead to incorrect inference.
  samp = posterior.sample(
/Users/simo/inso-po-RD/cstr-model-optimisation/research_project/scripts/sbi_pipeline.py:177: UserWarning: 8.0% of samples drawn with reject_outside_prior=False lie outside the prior support. This may lead to incorrect inference.
  samp = posterior.sample(
/Users/simo/inso-po-RD/cstr-model-optimisation/research_project/scripts/sbi_pipeline.py:177: UserWarning: 20.0% of samples drawn with reject_outside_prior=False lie outside the prior support. This may lead to incorrect inference.
  samp = posterior.sample(
/Users/simo/inso-po-RD/cstr-model-optimisation/research_project/scripts/sbi_pipeline.py:177: UserWarning: 6.0% of samples drawn with reject_outside_prior=False lie outside the prior support. This may lead to incorrect inference.
  samp = posterior.sample(
/Users/simo/inso-po-RD/cstr-model-optimisation/research_project/scripts/sbi_pipeline.py:177: UserWarning: 25.0% of samples drawn with reject_outside_prior=False lie outside the prior support. This may lead to incorrect inference.
  samp = posterior.sample(
/Users/simo/inso-po-RD/cstr-model-optimisation/research_project/scripts/sbi_pipeline.py:177: UserWarning: 6.0% of samples drawn with reject_outside_prior=False lie outside the prior support. This may lead to incorrect inference.
  samp = posterior.sample(
/Users/simo/inso-po-RD/cstr-model-optimisation/research_project/scripts/sbi_pipeline.py:177: UserWarning: 12.0% of samples drawn with reject_outside_prior=False lie outside the prior support. This may lead to incorrect inference.
  samp = posterior.sample(
/Users/simo/inso-po-RD/cstr-model-optimisation/research_project/scripts/sbi_pipeline.py:177: UserWarning: 12.5% of samples drawn with reject_outside_prior=False lie outside the prior support. This may lead to incorrect inference.
  samp = posterior.sample(
/Users/simo/inso-po-RD/cstr-model-optimisation/research_project/scripts/sbi_pipeline.py:177: UserWarning: 95.5% of samples drawn with reject_outside_prior=False lie outside the prior support. This may lead to incorrect inference.
  samp = posterior.sample(
/Users/simo/inso-po-RD/cstr-model-optimisation/research_project/scripts/sbi_pipeline.py:177: UserWarning: 19.0% of samples drawn with reject_outside_prior=False lie outside the prior support. This may lead to incorrect inference.
  samp = posterior.sample(
/Users/simo/inso-po-RD/cstr-model-optimisation/research_project/scripts/sbi_pipeline.py:177: UserWarning: 12.0% of samples drawn with reject_outside_prior=False lie outside the prior support. This may lead to incorrect inference.
  samp = posterior.sample(
/Users/simo/inso-po-RD/cstr-model-optimisation/research_project/scripts/sbi_pipeline.py:177: UserWarning: 19.5% of samples drawn with reject_outside_prior=False lie outside the prior support. This may lead to incorrect inference.
  samp = posterior.sample(
/Users/simo/inso-po-RD/cstr-model-optimisation/research_project/scripts/sbi_pipeline.py:177: UserWarning: 73.5% of samples drawn with reject_outside_prior=False lie outside the prior support. This may lead to incorrect inference.
  samp = posterior.sample(
/Users/simo/inso-po-RD/cstr-model-optimisation/research_project/scripts/sbi_pipeline.py:177: UserWarning: 17.5% of samples drawn with reject_outside_prior=False lie outside the prior support. This may lead to incorrect inference.
  samp = posterior.sample(
/Users/simo/inso-po-RD/cstr-model-optimisation/research_project/scripts/sbi_pipeline.py:177: UserWarning: 21.5% of samples drawn with reject_outside_prior=False lie outside the prior support. This may lead to incorrect inference.
  samp = posterior.sample(
/Users/simo/inso-po-RD/cstr-model-optimisation/research_project/scripts/sbi_pipeline.py:177: UserWarning: 6.5% of samples drawn with reject_outside_prior=False lie outside the prior support. This may lead to incorrect inference.
  samp = posterior.sample(
/Users/simo/inso-po-RD/cstr-model-optimisation/research_project/scripts/sbi_pipeline.py:177: UserWarning: 26.0% of samples drawn with reject_outside_prior=False lie outside the prior support. This may lead to incorrect inference.
  samp = posterior.sample(
/Users/simo/inso-po-RD/cstr-model-optimisation/research_project/scripts/sbi_pipeline.py:177: UserWarning: 7.0% of samples drawn with reject_outside_prior=False lie outside the prior support. This may lead to incorrect inference.
  samp = posterior.sample(
/Users/simo/inso-po-RD/cstr-model-optimisation/research_project/scripts/sbi_pipeline.py:177: UserWarning: 11.0% of samples drawn with reject_outside_prior=False lie outside the prior support. This may lead to incorrect inference.
  samp = posterior.sample(
/Users/simo/inso-po-RD/cstr-model-optimisation/research_project/scripts/sbi_pipeline.py:177: UserWarning: 42.5% of samples drawn with reject_outside_prior=False lie outside the prior support. This may lead to incorrect inference.
  samp = posterior.sample(
/Users/simo/inso-po-RD/cstr-model-optimisation/research_project/scripts/sbi_pipeline.py:177: UserWarning: 6.5% of samples drawn with reject_outside_prior=False lie outside the prior support. This may lead to incorrect inference.
  samp = posterior.sample(
/Users/simo/inso-po-RD/cstr-model-optimisation/research_project/scripts/sbi_pipeline.py:177: UserWarning: 7.5% of samples drawn with reject_outside_prior=False lie outside the prior support. This may lead to incorrect inference.
  samp = posterior.sample(
/Users/simo/inso-po-RD/cstr-model-optimisation/research_project/scripts/sbi_pipeline.py:177: UserWarning: 28.0% of samples drawn with reject_outside_prior=False lie outside the prior support. This may lead to incorrect inference.
  samp = posterior.sample(
/Users/simo/inso-po-RD/cstr-model-optimisation/research_project/scripts/sbi_pipeline.py:177: UserWarning: 5.5% of samples drawn with reject_outside_prior=False lie outside the prior support. This may lead to incorrect inference.
  samp = posterior.sample(
/Users/simo/inso-po-RD/cstr-model-optimisation/research_project/scripts/sbi_pipeline.py:177: UserWarning: 15.0% of samples drawn with reject_outside_prior=False lie outside the prior support. This may lead to incorrect inference.
  samp = posterior.sample(
/Users/simo/inso-po-RD/cstr-model-optimisation/research_project/scripts/sbi_pipeline.py:218: UserWarning: 27.4% of samples drawn with reject_outside_prior=False lie outside the prior support. This may lead to incorrect inference.
  samp = posterior.sample(
/Users/simo/inso-po-RD/cstr-model-optimisation/research_project/scripts/sbi_pipeline.py:218: UserWarning: 33.4% of samples drawn with reject_outside_prior=False lie outside the prior support. This may lead to incorrect inference.
  samp = posterior.sample(
/Users/simo/inso-po-RD/cstr-model-optimisation/research_project/scripts/sbi_pipeline.py:218: UserWarning: 23.4% of samples drawn with reject_outside_prior=False lie outside the prior support. This may lead to incorrect inference.
  samp = posterior.sample(
/Users/simo/inso-po-RD/cstr-model-optimisation/research_project/scripts/sbi_pipeline.py:218: UserWarning: 9.4% of samples drawn with reject_outside_prior=False lie outside the prior support. This may lead to incorrect inference.
  samp = posterior.sample(
/Users/simo/inso-po-RD/cstr-model-optimisation/research_project/scripts/sbi_pipeline.py:218: UserWarning: 13.0% of samples drawn with reject_outside_prior=False lie outside the prior support. This may lead to incorrect inference.
  samp = posterior.sample(
/Users/simo/inso-po-RD/cstr-model-optimisation/research_project/scripts/sbi_pipeline.py:218: UserWarning: 65.4% of samples drawn with reject_outside_prior=False lie outside the prior support. This may lead to incorrect inference.
  samp = posterior.sample(
/Users/simo/inso-po-RD/cstr-model-optimisation/research_project/scripts/sbi_pipeline.py:218: UserWarning: 7.0% of samples drawn with reject_outside_prior=False lie outside the prior support. This may lead to incorrect inference.
  samp = posterior.sample(
/Users/simo/inso-po-RD/cstr-model-optimisation/research_project/scripts/sbi_pipeline.py:218: UserWarning: 23.4% of samples drawn with reject_outside_prior=False lie outside the prior support. This may lead to incorrect inference.
  samp = posterior.sample(
/Users/simo/inso-po-RD/cstr-model-optimisation/research_project/scripts/sbi_pipeline.py:218: UserWarning: 14.6% of samples drawn with reject_outside_prior=False lie outside the prior support. This may lead to incorrect inference.
  samp = posterior.sample(
/Users/simo/inso-po-RD/cstr-model-optimisation/research_project/scripts/sbi_pipeline.py:218: UserWarning: 10.2% of samples drawn with reject_outside_prior=False lie outside the prior support. This may lead to incorrect inference.
  samp = posterior.sample(
/Users/simo/inso-po-RD/cstr-model-optimisation/research_project/scripts/sbi_pipeline.py:218: UserWarning: 10.4% of samples drawn with reject_outside_prior=False lie outside the prior support. This may lead to incorrect inference.
  samp = posterior.sample(
/Users/simo/inso-po-RD/cstr-model-optimisation/research_project/scripts/sbi_pipeline.py:218: UserWarning: 22.8% of samples drawn with reject_outside_prior=False lie outside the prior support. This may lead to incorrect inference.
  samp = posterior.sample(
/Users/simo/inso-po-RD/cstr-model-optimisation/research_project/scripts/sbi_pipeline.py:218: UserWarning: 30.6% of samples drawn with reject_outside_prior=False lie outside the prior support. This may lead to incorrect inference.
  samp = posterior.sample(
/Users/simo/inso-po-RD/cstr-model-optimisation/research_project/scripts/sbi_pipeline.py:218: UserWarning: 23.8% of samples drawn with reject_outside_prior=False lie outside the prior support. This may lead to incorrect inference.
  samp = posterior.sample(
/Users/simo/inso-po-RD/cstr-model-optimisation/research_project/scripts/sbi_pipeline.py:218: UserWarning: 89.0% of samples drawn with reject_outside_prior=False lie outside the prior support. This may lead to incorrect inference.
  samp = posterior.sample(
/Users/simo/inso-po-RD/cstr-model-optimisation/research_project/scripts/sbi_pipeline.py:218: UserWarning: 12.6% of samples drawn with reject_outside_prior=False lie outside the prior support. This may lead to incorrect inference.
  samp = posterior.sample(
/Users/simo/inso-po-RD/cstr-model-optimisation/research_project/scripts/sbi_pipeline.py:218: UserWarning: 5.0% of samples drawn with reject_outside_prior=False lie outside the prior support. This may lead to incorrect inference.
  samp = posterior.sample(
/Users/simo/inso-po-RD/cstr-model-optimisation/research_project/scripts/sbi_pipeline.py:218: UserWarning: 10.0% of samples drawn with reject_outside_prior=False lie outside the prior support. This may lead to incorrect inference.
  samp = posterior.sample(
/Users/simo/inso-po-RD/cstr-model-optimisation/research_project/scripts/sbi_pipeline.py:218: UserWarning: 28.8% of samples drawn with reject_outside_prior=False lie outside the prior support. This may lead to incorrect inference.
  samp = posterior.sample(
/Users/simo/inso-po-RD/cstr-model-optimisation/research_project/scripts/sbi_pipeline.py:218: UserWarning: 5.4% of samples drawn with reject_outside_prior=False lie outside the prior support. This may lead to incorrect inference.
  samp = posterior.sample(
/Users/simo/inso-po-RD/cstr-model-optimisation/research_project/scripts/sbi_pipeline.py:218: UserWarning: 8.2% of samples drawn with reject_outside_prior=False lie outside the prior support. This may lead to incorrect inference.
  samp = posterior.sample(
/Users/simo/inso-po-RD/cstr-model-optimisation/research_project/scripts/sbi_pipeline.py:218: UserWarning: 5.4% of samples drawn with reject_outside_prior=False lie outside the prior support. This may lead to incorrect inference.
  samp = posterior.sample(
/Users/simo/inso-po-RD/cstr-model-optimisation/research_project/scripts/sbi_pipeline.py:218: UserWarning: 10.0% of samples drawn with reject_outside_prior=False lie outside the prior support. This may lead to incorrect inference.
  samp = posterior.sample(
/Users/simo/inso-po-RD/cstr-model-optimisation/research_project/scripts/sbi_pipeline.py:218: UserWarning: 8.0% of samples drawn with reject_outside_prior=False lie outside the prior support. This may lead to incorrect inference.
  samp = posterior.sample(
/Users/simo/inso-po-RD/cstr-model-optimisation/research_project/scripts/sbi_pipeline.py:218: UserWarning: 17.2% of samples drawn with reject_outside_prior=False lie outside the prior support. This may lead to incorrect inference.
  samp = posterior.sample(
/Users/simo/inso-po-RD/cstr-model-optimisation/research_project/scripts/sbi_pipeline.py:218: UserWarning: 11.8% of samples drawn with reject_outside_prior=False lie outside the prior support. This may lead to incorrect inference.
  samp = posterior.sample(
/Users/simo/inso-po-RD/cstr-model-optimisation/research_project/scripts/sbi_pipeline.py:218: UserWarning: 51.4% of samples drawn with reject_outside_prior=False lie outside the prior support. This may lead to incorrect inference.
  samp = posterior.sample(
/Users/simo/inso-po-RD/cstr-model-optimisation/research_project/scripts/sbi_pipeline.py:218: UserWarning: 11.4% of samples drawn with reject_outside_prior=False lie outside the prior support. This may lead to incorrect inference.
  samp = posterior.sample(
/Users/simo/inso-po-RD/cstr-model-optimisation/research_project/scripts/sbi_pipeline.py:218: UserWarning: 24.2% of samples drawn with reject_outside_prior=False lie outside the prior support. This may lead to incorrect inference.
  samp = posterior.sample(
/Users/simo/inso-po-RD/cstr-model-optimisation/research_project/scripts/sbi_pipeline.py:218: UserWarning: 16.0% of samples drawn with reject_outside_prior=False lie outside the prior support. This may lead to incorrect inference.
  samp = posterior.sample(
/Users/simo/inso-po-RD/cstr-model-optimisation/research_project/scripts/sbi_pipeline.py:218: UserWarning: 9.8% of samples drawn with reject_outside_prior=False lie outside the prior support. This may lead to incorrect inference.
  samp = posterior.sample(
/Users/simo/inso-po-RD/cstr-model-optimisation/research_project/scripts/sbi_pipeline.py:218: UserWarning: 69.0% of samples drawn with reject_outside_prior=False lie outside the prior support. This may lead to incorrect inference.
  samp = posterior.sample(
/Users/simo/inso-po-RD/cstr-model-optimisation/research_project/scripts/sbi_pipeline.py:218: UserWarning: 11.2% of samples drawn with reject_outside_prior=False lie outside the prior support. This may lead to incorrect inference.
  samp = posterior.sample(
/Users/simo/inso-po-RD/cstr-model-optimisation/research_project/scripts/sbi_pipeline.py:218: UserWarning: 23.6% of samples drawn with reject_outside_prior=False lie outside the prior support. This may lead to incorrect inference.
  samp = posterior.sample(
/Users/simo/inso-po-RD/cstr-model-optimisation/research_project/scripts/sbi_pipeline.py:218: UserWarning: 8.6% of samples drawn with reject_outside_prior=False lie outside the prior support. This may lead to incorrect inference.
  samp = posterior.sample(
/Users/simo/inso-po-RD/cstr-model-optimisation/research_project/scripts/sbi_pipeline.py:218: UserWarning: 18.2% of samples drawn with reject_outside_prior=False lie outside the prior support. This may lead to incorrect inference.
  samp = posterior.sample(
/Users/simo/inso-po-RD/cstr-model-optimisation/research_project/scripts/sbi_pipeline.py:218: UserWarning: 40.2% of samples drawn with reject_outside_prior=False lie outside the prior support. This may lead to incorrect inference.
  samp = posterior.sample(
/Users/simo/inso-po-RD/cstr-model-optimisation/research_project/scripts/sbi_pipeline.py:218: UserWarning: 6.4% of samples drawn with reject_outside_prior=False lie outside the prior support. This may lead to incorrect inference.
  samp = posterior.sample(
/Users/simo/inso-po-RD/cstr-model-optimisation/research_project/scripts/sbi_pipeline.py:218: UserWarning: 7.4% of samples drawn with reject_outside_prior=False lie outside the prior support. This may lead to incorrect inference.
  samp = posterior.sample(
/Users/simo/inso-po-RD/cstr-model-optimisation/research_project/scripts/sbi_pipeline.py:218: UserWarning: 36.4% of samples drawn with reject_outside_prior=False lie outside the prior support. This may lead to incorrect inference.
  samp = posterior.sample(
/Users/simo/inso-po-RD/cstr-model-optimisation/research_project/scripts/sbi_pipeline.py:218: UserWarning: 8.4% of samples drawn with reject_outside_prior=False lie outside the prior support. This may lead to incorrect inference.
  samp = posterior.sample(
/Users/simo/inso-po-RD/cstr-model-optimisation/research_project/scripts/sbi_pipeline.py:218: UserWarning: 14.4% of samples drawn with reject_outside_prior=False lie outside the prior support. This may lead to incorrect inference.
  samp = posterior.sample(
/Users/simo/inso-po-RD/cstr-model-optimisation/research_project/scripts/sbi_pipeline.py:218: UserWarning: 7.4% of samples drawn with reject_outside_prior=False lie outside the prior support. This may lead to incorrect inference.
  samp = posterior.sample(
/Users/simo/inso-po-RD/cstr-model-optimisation/research_project/scripts/sbi_pipeline.py:218: UserWarning: 7.2% of samples drawn with reject_outside_prior=False lie outside the prior support. This may lead to incorrect inference.
  samp = posterior.sample(
/Users/simo/inso-po-RD/cstr-model-optimisation/research_project/scripts/sbi_pipeline.py:218: UserWarning: 64.6% of samples drawn with reject_outside_prior=False lie outside the prior support. This may lead to incorrect inference.
  samp = posterior.sample(
/Users/simo/inso-po-RD/cstr-model-optimisation/research_project/scripts/sbi_pipeline.py:218: UserWarning: 5.4% of samples drawn with reject_outside_prior=False lie outside the prior support. This may lead to incorrect inference.
  samp = posterior.sample(
/Users/simo/inso-po-RD/cstr-model-optimisation/research_project/scripts/sbi_pipeline.py:218: UserWarning: 6.8% of samples drawn with reject_outside_prior=False lie outside the prior support. This may lead to incorrect inference.
  samp = posterior.sample(
/Users/simo/inso-po-RD/cstr-model-optimisation/research_project/scripts/sbi_pipeline.py:218: UserWarning: 17.2% of samples drawn with reject_outside_prior=False lie outside the prior support. This may lead to incorrect inference.
  samp = posterior.sample(
/Users/simo/inso-po-RD/cstr-model-optimisation/research_project/scripts/sbi_pipeline.py:218: UserWarning: 12.2% of samples drawn with reject_outside_prior=False lie outside the prior support. This may lead to incorrect inference.
  samp = posterior.sample(
/Users/simo/inso-po-RD/cstr-model-optimisation/research_project/scripts/sbi_pipeline.py:218: UserWarning: 13.6% of samples drawn with reject_outside_prior=False lie outside the prior support. This may lead to incorrect inference.
  samp = posterior.sample(
/Users/simo/inso-po-RD/cstr-model-optimisation/research_project/scripts/sbi_pipeline.py:218: UserWarning: 10.2% of samples drawn with reject_outside_prior=False lie outside the prior support. This may lead to incorrect inference.
  samp = posterior.sample(
/Users/simo/inso-po-RD/cstr-model-optimisation/research_project/scripts/sbi_pipeline.py:218: UserWarning: 24.6% of samples drawn with reject_outside_prior=False lie outside the prior support. This may lead to incorrect inference.
  samp = posterior.sample(
/Users/simo/inso-po-RD/cstr-model-optimisation/research_project/scripts/sbi_pipeline.py:218: UserWarning: 24.8% of samples drawn with reject_outside_prior=False lie outside the prior support. This may lead to incorrect inference.
  samp = posterior.sample(
/Users/simo/inso-po-RD/cstr-model-optimisation/research_project/scripts/sbi_pipeline.py:218: UserWarning: 50.0% of samples drawn with reject_outside_prior=False lie outside the prior support. This may lead to incorrect inference.
  samp = posterior.sample(
/Users/simo/inso-po-RD/cstr-model-optimisation/research_project/scripts/sbi_pipeline.py:218: UserWarning: 19.2% of samples drawn with reject_outside_prior=False lie outside the prior support. This may lead to incorrect inference.
  samp = posterior.sample(
[train] 15000 samples, 66-D summaries, arch=nsf hidden=128 transforms=5
 Training neural network. Epochs trained: 1 Training neural network. Epochs trained: 2 Training neural network. Epochs trained: 3 Training neural network. Epochs trained: 4 Training neural network. Epochs trained: 5 Training neural network. Epochs trained: 6 Training neural network. Epochs trained: 7 Training neural network. Epochs trained: 8 Training neural network. Epochs trained: 9 Training neural network. Epochs trained: 10 Training neural network. Epochs trained: 11 Training neural network. Epochs trained: 12 Training neural network. Epochs trained: 13 Training neural network. Epochs trained: 14 Training neural network. Epochs trained: 15 Training neural network. Epochs trained: 16 Training neural network. Epochs trained: 17 Training neural network. Epochs trained: 18 Training neural network. Epochs trained: 19 Training neural network. Epochs trained: 20 Training neural network. Epochs trained: 21 Training neural network. Epochs trained: 22 Training neural network. Epochs trained: 23 Training neural network. Epochs trained: 24 Training neural network. Epochs trained: 25 Training neural network. Epochs trained: 26 Training neural network. Epochs trained: 27 Training neural network. Epochs trained: 28 Training neural network. Epochs trained: 29 Training neural network. Epochs trained: 30 Training neural network. Epochs trained: 31 Training neural network. Epochs trained: 32 Training neural network. Epochs trained: 33 Training neural network. Epochs trained: 34 Training neural network. Epochs trained: 35 Training neural network. Epochs trained: 36 Training neural network. Epochs trained: 37 Training neural network. Epochs trained: 38 Training neural network. Epochs trained: 39 Training neural network. Epochs trained: 40 Training neural network. Epochs trained: 41 Training neural network. Epochs trained: 42 Training neural network. Epochs trained: 43 Training neural network. Epochs trained: 44 Training neural network. Epochs trained: 45 Training neural network. Epochs trained: 46 Training neural network. Epochs trained: 47 Training neural network. Epochs trained: 48 Training neural network. Epochs trained: 49 Training neural network. Epochs trained: 50 Training neural network. Epochs trained: 51 Training neural network. Epochs trained: 52 Training neural network. Epochs trained: 53 Training neural network. Epochs trained: 54 Training neural network. Epochs trained: 55 Training neural network. Epochs trained: 56 Training neural network. Epochs trained: 57 Training neural network. Epochs trained: 58 Training neural network. Epochs trained: 59 Training neural network. Epochs trained: 60 Training neural network. Epochs trained: 61 Training neural network. Epochs trained: 62 Training neural network. Epochs trained: 63 Training neural network. Epochs trained: 64 Training neural network. Epochs trained: 65 Training neural network. Epochs trained: 66 Training neural network. Epochs trained: 67 Training neural network. Epochs trained: 68 Training neural network. Epochs trained: 69 Training neural network. Epochs trained: 70 Training neural network. Epochs trained: 71 Training neural network. Epochs trained: 72 Training neural network. Epochs trained: 73 Training neural network. Epochs trained: 74 Training neural network. Epochs trained: 75 Training neural network. Epochs trained: 76 Training neural network. Epochs trained: 77 Training neural network. Epochs trained: 78 Training neural network. Epochs trained: 79 Training neural network. Epochs trained: 80 Training neural network. Epochs trained: 81 Training neural network. Epochs trained: 82 Training neural network. Epochs trained: 83 Training neural network. Epochs trained: 84 Training neural network. Epochs trained: 85 Training neural network. Epochs trained: 86 Training neural network. Epochs trained: 87 Training neural network. Epochs trained: 88 Training neural network. Epochs trained: 89 Training neural network. Epochs trained: 90 Training neural network. Epochs trained: 91 Training neural network. Epochs trained: 92 Training neural network. Epochs trained: 93 Training neural network. Epochs trained: 94 Training neural network. Epochs trained: 95 Training neural network. Epochs trained: 96 Training neural network. Epochs trained: 97 Training neural network. Epochs trained: 98 Training neural network. Epochs trained: 99 Training neural network. Epochs trained: 100 Training neural network. Epochs trained: 101 Training neural network. Epochs trained: 102 Training neural network. Epochs trained: 103 Training neural network. Epochs trained: 104 Training neural network. Epochs trained: 105 Training neural network. Epochs trained: 106 Training neural network. Epochs trained: 107 Training neural network. Epochs trained: 108 Training neural network. Epochs trained: 109 Training neural network. Epochs trained: 110 Training neural network. Epochs trained: 111 Training neural network. Epochs trained: 112 Training neural network. Epochs trained: 113 Training neural network. Epochs trained: 114 Training neural network. Epochs trained: 115 Training neural network. Epochs trained: 116 Training neural network. Epochs trained: 117 Training neural network. Epochs trained: 118 Training neural network. Epochs trained: 119 Training neural network. Epochs trained: 120 Training neural network. Epochs trained: 121 Training neural network. Epochs trained: 122 Training neural network. Epochs trained: 123 Training neural network. Epochs trained: 124 Training neural network. Epochs trained: 125 Training neural network. Epochs trained: 126 Training neural network. Epochs trained: 127 Training neural network. Epochs trained: 128 Training neural network. Epochs trained: 129 Training neural network. Epochs trained: 130 Training neural network. Epochs trained: 131 Training neural network. Epochs trained: 132 Training neural network. Epochs trained: 133 Training neural network. Epochs trained: 134 Training neural network. Epochs trained: 135 Training neural network. Epochs trained: 136 Neural network successfully converged after 136 epochs.
        -------------------------
        ||||| ROUND 1 STATS |||||:
        -------------------------
        Epochs trained: 136
        Best validation performance: -16.6468
        -------------------------
        
[train] Completed in 218s
[sbc]   50/200  (7s, 50 valid)
[sbc]   100/200  (12s, 100 valid)
[sbc]   150/200  (18s, 150 valid)
[sbc]   200/200  (24s, 200 valid)
[sbc] Completed in 24s, n_valid=200/200
[sbc]   alpha      KS p=0.2682
[sbc]   beta_r     KS p=0.1049
[sbc]   eta_col    KS p=0.0341
[sbc]   xi_reb     KS p=0.0000
[sbc]   z_A0_eff   KS p=0.1464
[save] Posterior -> /Users/simo/inso-po-RD/cstr-model-optimisation/research_project/sbi-logs/wu2003_posterior_variant_C_sb.pkl
[save] Results   -> /Users/simo/inso-po-RD/cstr-model-optimisation/research_project/sbi-logs/variant_C_sb_results.json
