\BOOKMARK [0][-]{section*.1}{\376\377\000\040\000S\000u\000p\000p\000o\000r\000t\000i\000n\000g\000\040\000I\000n\000f\000o\000r\000m\000a\000t\000i\000o\000n\000\040\000f\000o\000r\000:\000\040\000P\000l\000a\000n\000t\000-\000w\000i\000d\000e\000\040\000B\000a\000y\000e\000s\000i\000a\000n\000\040\000f\000a\000u\000l\000t\000\040\000d\000i\000a\000g\000n\000o\000s\000i\000s\000\040\000i\000n\000\040\000r\000e\000c\000y\000c\000l\000e\000\040\000p\000r\000o\000c\000e\000s\000s\000e\000s\000\040\000v\000i\000a\000\040\000s\000i\000m\000u\000l\000a\000t\000i\000o\000n\000-\000b\000a\000s\000e\000d\000\040\000i\000n\000f\000e\000r\000e\000n\000c\000e\000\040\000u\000n\000d\000e\000r\000\040\000m\000u\000l\000t\000i\000-\000l\000o\000o\000p\000\040\000f\000e\000e\000d\000b\000a\000c\000k\000\040\000c\000o\000n\000t\000r\000o\000l\000\040}{}% 1
\BOOKMARK [1][-]{section*.2}{\376\377\000S\0001\000.\000\040\000S\000t\000o\000c\000h\000a\000s\000t\000i\000c\000\040\000D\000a\000t\000a\000\040\000G\000e\000n\000e\000r\000a\000t\000i\000o\000n\000\040\000a\000n\000d\000\040\000S\000c\000e\000n\000a\000r\000i\000o\000\040\000O\000v\000e\000r\000v\000i\000e\000w}{section*.1}% 2
\BOOKMARK [1][-]{section*.7}{\376\377\000S\0002\000.\000\040\000P\000r\000i\000o\000r\000\040\000P\000r\000e\000d\000i\000c\000t\000i\000v\000e\000\040\000C\000h\000e\000c\000k}{section*.1}% 3
\BOOKMARK [1][-]{section*.9}{\376\377\000S\0003\000.\000\040\000T\000r\000a\000i\000n\000i\000n\000g\000\040\000B\000u\000d\000g\000e\000t\000\040\000S\000e\000n\000s\000i\000t\000i\000v\000i\000t\000y}{section*.1}% 4
\BOOKMARK [1][-]{section*.11}{\376\377\000S\0004\000.\000\040\000P\000C\000A\000\040\000M\000a\000n\000i\000f\000o\000l\000d\000\040\000o\000f\000\040\000S\000u\000m\000m\000a\000r\000y\000\040\000S\000t\000a\000t\000i\000s\000t\000i\000c\000s}{section*.1}% 5
\BOOKMARK [1][-]{section*.13}{\376\377\000S\0005\000.\000\040\000C\000o\000m\000p\000l\000e\000t\000e\000\040\000S\000u\000m\000m\000a\000r\000y\000-\000S\000t\000a\000t\000i\000s\000t\000i\000c\000\040\000D\000e\000f\000i\000n\000i\000t\000i\000o\000n\000s\000\040\000a\000n\000d\000\040\000F\000e\000a\000t\000u\000r\000e\000\040\000A\000b\000l\000a\000t\000i\000o\000n}{section*.1}% 6
\BOOKMARK [1][-]{section*.16}{\376\377\000S\0006\000.\000\040\000P\000o\000s\000t\000e\000r\000i\000o\000r\000\040\000C\000a\000l\000i\000b\000r\000a\000t\000i\000o\000n\000:\000\040\000S\000i\000m\000u\000l\000a\000t\000i\000o\000n\000-\000B\000a\000s\000e\000d\000\040\000C\000a\000l\000i\000b\000r\000a\000t\000i\000o\000n\000\040\000P\000r\000o\000t\000o\000c\000o\000l\000\040\000a\000n\000d\000\040\000R\000e\000s\000u\000l\000t\000s}{section*.1}% 7
\BOOKMARK [1][-]{section*.21}{\376\377\000S\0007\000.\000\040\000S\000y\000s\000t\000e\000m\000\040\000I\000I\000:\000\040\000F\000a\000u\000l\000t\000\040\000S\000c\000e\000n\000a\000r\000i\000o\000s\000\040\000a\000n\000d\000\040\000D\000a\000t\000a\000-\000G\000e\000n\000e\000r\000a\000t\000i\000o\000n\000\040\000D\000e\000t\000a\000i\000l\000s}{section*.1}% 8
\BOOKMARK [2][-]{section*.22}{\376\377\000S\0007\000.\0001\000\040\000N\000o\000m\000i\000n\000a\000l\000\040\000p\000a\000r\000a\000m\000e\000t\000e\000r\000\040\000v\000a\000l\000u\000e\000s}{section*.21}% 9
\BOOKMARK [2][-]{section*.23}{\376\377\000S\0007\000.\0002\000\040\000F\000a\000u\000l\000t\000\040\000s\000c\000e\000n\000a\000r\000i\000o\000\040\000c\000a\000t\000a\000l\000o\000g\000u\000e}{section*.21}% 10
\BOOKMARK [2][-]{section*.24}{\376\377\000S\0007\000.\0003\000\040\000D\000a\000t\000a\000\040\000g\000e\000n\000e\000r\000a\000t\000i\000o\000n\000\040\000a\000n\000d\000\040\000t\000r\000a\000i\000n\000i\000n\000g}{section*.21}% 11
\BOOKMARK [1][-]{section*.25}{\376\377\000S\0008\000.\000\040\000M\000u\000l\000t\000i\000-\000M\000e\000t\000h\000o\000d\000\040\000B\000a\000s\000e\000l\000i\000n\000e\000:\000\040\000I\000m\000p\000l\000e\000m\000e\000n\000t\000a\000t\000i\000o\000n\000\040\000D\000e\000t\000a\000i\000l\000s\000\040\000a\000n\000d\000\040\000P\000e\000r\000-\000R\000e\000p\000l\000i\000c\000a\000t\000e\000\040\000D\000i\000s\000t\000r\000i\000b\000u\000t\000i\000o\000n\000s}{section*.1}% 12
\BOOKMARK [1][-]{section*.28}{\376\377\000S\0009\000.\000\040\000S\000y\000s\000t\000e\000m\000\040\000I\000I\000:\000\040\000S\000u\000m\000m\000a\000r\000y\000-\000S\000t\000a\000t\000i\000s\000t\000i\000c\000\040\000F\000e\000a\000t\000u\000r\000e\000\040\000V\000e\000c\000t\000o\000r\000\040\000a\000n\000d\000\040\000C\000a\000l\000i\000b\000r\000a\000t\000i\000o\000n}{section*.1}% 13
\BOOKMARK [2][-]{section*.29}{\376\377\000S\0009\000.\0001\000\040\000F\000e\000a\000t\000u\000r\000e\000\040\000v\000e\000c\000t\000o\000r\000\040\000d\000e\000f\000i\000n\000i\000t\000i\000o\000n}{section*.28}% 14
\BOOKMARK [2][-]{section*.30}{\376\377\000S\0009\000.\0002\000\040\000P\000o\000s\000t\000e\000r\000i\000o\000r\000\040\000c\000a\000l\000i\000b\000r\000a\000t\000i\000o\000n}{section*.28}% 15
\BOOKMARK [1][-]{section*.32}{\376\377\000S\0001\0000\000.\000\040\000S\000y\000s\000t\000e\000m\000\040\000I\000I\000:\000\040\000C\000N\000N\000\040\000E\000m\000b\000e\000d\000d\000i\000n\000g\000\040\000S\000t\000u\000d\000y\000\040\040\024\000\040\000F\000u\000l\000l\000\040\000R\000e\000s\000u\000l\000t\000s}{section*.1}% 16
\BOOKMARK [2][-]{section*.33}{\376\377\000S\0001\0000\000.\0001\000\040\000A\000r\000c\000h\000i\000t\000e\000c\000t\000u\000r\000e\000\040\000a\000n\000d\000\040\000c\000a\000l\000i\000b\000r\000a\000t\000i\000o\000n}{section*.32}% 17
\BOOKMARK [2][-]{section*.34}{\376\377\000S\0001\0000\000.\0002\000\040\000A\000r\000t\000i\000f\000a\000c\000t\000-\000s\000c\000e\000n\000a\000r\000i\000o\000\040\000c\000o\000r\000r\000e\000l\000a\000t\000i\000o\000n\000s}{section*.32}% 18
\BOOKMARK [2][-]{section*.36}{\376\377\000S\0001\0000\000.\0003\000\040\000F\000a\000u\000l\000t\000\040\000c\000l\000a\000s\000s\000i\000f\000i\000c\000a\000t\000i\000o\000n\000\040\000c\000o\000m\000p\000a\000r\000i\000s\000o\000n}{section*.32}% 19
\BOOKMARK [2][-]{section*.38}{\376\377\000S\0001\0000\000.\0004\000\040\0003\0000\000-\000d\000a\000y\000\040\000p\000r\000o\000g\000r\000e\000s\000s\000i\000v\000e\000\040\000t\000r\000a\000c\000k\000i\000n\000g}{section*.32}% 20
\BOOKMARK [2][-]{section*.40}{\376\377\000S\0001\0000\000.\0005\000\040\000I\000n\000t\000e\000r\000p\000r\000e\000t\000a\000t\000i\000o\000n}{section*.32}% 21
\BOOKMARK [1][-]{section*.41}{\376\377\000R\000e\000f\000e\000r\000e\000n\000c\000e\000s}{section*.1}% 22
